
   FAIL  Tests\Feature\CsvImportTest
  Ô¿» can imporÔÇª 0.50s  
  ÔöÇÔöÇÔöÇÔöÇÔöÇÔöÇÔöÇÔöÇÔöÇÔöÇÔöÇÔöÇÔöÇÔöÇÔöÇÔöÇÔöÇÔöÇ  
   FAILED  Tests\Feature\CsvImportTest > can import students from csv  RuntimeException   
  Could not verify the hashed value's configuration.

  at vendor\laravel\framework\src\Illuminate\Database\Eloquent\Concerns\HasAttributes.php:1473
    1469Ôûò         }
    1470Ôûò 
    1471Ôûò         /** @phpstan-ignore staticMethod.notFound */
    1472Ôûò         if (! Hash::verifyConfiguration($value)) {
  Ô×£ 1473Ôûò             throw new RuntimeException("Could not verify the hashed value's configuration.");
    1474Ôûò         }
    1475Ôûò 
    1476Ôûò         return $value;
    1477Ôûò     }

  1   vendor\laravel\framework\src\Illuminate\Database\Eloquent\Concerns\HasAttributes.php:1473
  2   vendor\laravel\framework\src\Illuminate\Database\Eloquent\Concerns\HasAttributes.php:1106


  Tests:    1 failed (0 assertions)
  Duration: 0.85s

